Archive member included to satisfy reference by file (symbol)

/Users/brunoflores/Downloads/gcc-arm-none-eabi-9-2020-q2-update/bin/../lib/gcc/arm-none-eabi/9.3.1/../../../../arm-none-eabi/lib/thumb/v7e-m+fp/hard/libc_nano.a(lib_a-exit.o)
                              /Users/brunoflores/Downloads/gcc-arm-none-eabi-9-2020-q2-update/bin/../lib/gcc/arm-none-eabi/9.3.1/../../../../arm-none-eabi/lib/thumb/v7e-m+fp/hard/crt0.o (exit)
/Users/brunoflores/Downloads/gcc-arm-none-eabi-9-2020-q2-update/bin/../lib/gcc/arm-none-eabi/9.3.1/../../../../arm-none-eabi/lib/thumb/v7e-m+fp/hard/libc_nano.a(lib_a-impure.o)
                              /Users/brunoflores/Downloads/gcc-arm-none-eabi-9-2020-q2-update/bin/../lib/gcc/arm-none-eabi/9.3.1/../../../../arm-none-eabi/lib/thumb/v7e-m+fp/hard/libc_nano.a(lib_a-exit.o) (_global_impure_ptr)
/Users/brunoflores/Downloads/gcc-arm-none-eabi-9-2020-q2-update/bin/../lib/gcc/arm-none-eabi/9.3.1/../../../../arm-none-eabi/lib/thumb/v7e-m+fp/hard/libc_nano.a(lib_a-init.o)
                              /Users/brunoflores/Downloads/gcc-arm-none-eabi-9-2020-q2-update/bin/../lib/gcc/arm-none-eabi/9.3.1/../../../../arm-none-eabi/lib/thumb/v7e-m+fp/hard/crt0.o (__libc_init_array)
/Users/brunoflores/Downloads/gcc-arm-none-eabi-9-2020-q2-update/bin/../lib/gcc/arm-none-eabi/9.3.1/../../../../arm-none-eabi/lib/thumb/v7e-m+fp/hard/libc_nano.a(lib_a-memset.o)
                              /Users/brunoflores/Downloads/gcc-arm-none-eabi-9-2020-q2-update/bin/../lib/gcc/arm-none-eabi/9.3.1/../../../../arm-none-eabi/lib/thumb/v7e-m+fp/hard/crt0.o (memset)
/Users/brunoflores/Downloads/gcc-arm-none-eabi-9-2020-q2-update/bin/../lib/gcc/arm-none-eabi/9.3.1/../../../../arm-none-eabi/lib/thumb/v7e-m+fp/hard/libnosys.a(_exit.o)
                              /Users/brunoflores/Downloads/gcc-arm-none-eabi-9-2020-q2-update/bin/../lib/gcc/arm-none-eabi/9.3.1/../../../../arm-none-eabi/lib/thumb/v7e-m+fp/hard/libc_nano.a(lib_a-exit.o) (_exit)

Allocating common symbols
Common symbol       size              file

uwTick              0x4               build/stm32f3xx_hal.o
pFlash              0x20              build/stm32f3xx_hal_flash.o
RTCHandle           0x20              build/stm32f3xx_lp_modes.o

Discarded input sections

 .text          0x0000000000000000        0x0 /Users/brunoflores/Downloads/gcc-arm-none-eabi-9-2020-q2-update/bin/../lib/gcc/arm-none-eabi/9.3.1/thumb/v7e-m+fp/hard/crti.o
 .data          0x0000000000000000        0x0 /Users/brunoflores/Downloads/gcc-arm-none-eabi-9-2020-q2-update/bin/../lib/gcc/arm-none-eabi/9.3.1/thumb/v7e-m+fp/hard/crti.o
 .bss           0x0000000000000000        0x0 /Users/brunoflores/Downloads/gcc-arm-none-eabi-9-2020-q2-update/bin/../lib/gcc/arm-none-eabi/9.3.1/thumb/v7e-m+fp/hard/crti.o
 .data          0x0000000000000000        0x4 /Users/brunoflores/Downloads/gcc-arm-none-eabi-9-2020-q2-update/bin/../lib/gcc/arm-none-eabi/9.3.1/thumb/v7e-m+fp/hard/crtbegin.o
 .text          0x0000000000000000       0x7c /Users/brunoflores/Downloads/gcc-arm-none-eabi-9-2020-q2-update/bin/../lib/gcc/arm-none-eabi/9.3.1/../../../../arm-none-eabi/lib/thumb/v7e-m+fp/hard/crt0.o
 .data          0x0000000000000000        0x0 /Users/brunoflores/Downloads/gcc-arm-none-eabi-9-2020-q2-update/bin/../lib/gcc/arm-none-eabi/9.3.1/../../../../arm-none-eabi/lib/thumb/v7e-m+fp/hard/crt0.o
 .bss           0x0000000000000000        0x0 /Users/brunoflores/Downloads/gcc-arm-none-eabi-9-2020-q2-update/bin/../lib/gcc/arm-none-eabi/9.3.1/../../../../arm-none-eabi/lib/thumb/v7e-m+fp/hard/crt0.o
 .ARM.extab     0x0000000000000000        0x0 /Users/brunoflores/Downloads/gcc-arm-none-eabi-9-2020-q2-update/bin/../lib/gcc/arm-none-eabi/9.3.1/../../../../arm-none-eabi/lib/thumb/v7e-m+fp/hard/crt0.o
 .ARM.exidx     0x0000000000000000       0x10 /Users/brunoflores/Downloads/gcc-arm-none-eabi-9-2020-q2-update/bin/../lib/gcc/arm-none-eabi/9.3.1/../../../../arm-none-eabi/lib/thumb/v7e-m+fp/hard/crt0.o
 .ARM.attributes
                0x0000000000000000       0x1c /Users/brunoflores/Downloads/gcc-arm-none-eabi-9-2020-q2-update/bin/../lib/gcc/arm-none-eabi/9.3.1/../../../../arm-none-eabi/lib/thumb/v7e-m+fp/hard/crt0.o
 .text          0x0000000000000000        0x0 build/main.o
 .data          0x0000000000000000        0x0 build/main.o
 .bss           0x0000000000000000        0x0 build/main.o
 .text          0x0000000000000000        0x0 build/stm32f3xx_it.o
 .data          0x0000000000000000        0x0 build/stm32f3xx_it.o
 .bss           0x0000000000000000        0x0 build/stm32f3xx_it.o
 .text          0x0000000000000000        0x0 build/stm32f3xx_hal_msp.o
 .data          0x0000000000000000        0x0 build/stm32f3xx_hal_msp.o
 .bss           0x0000000000000000        0x0 build/stm32f3xx_hal_msp.o
 .text.HAL_RTC_MspDeInit
                0x0000000000000000       0x1c build/stm32f3xx_hal_msp.o
 .text          0x0000000000000000        0x0 build/stm32f3xx_lp_modes.o
[...]
Memory Configuration

Name             Origin             Length             Attributes
FLASH            0x0000000008000000 0x0000000000040000 xr
RAM              0x0000000020000000 0x000000000000a000 xrw
CCMRAM           0x0000000010000000 0x0000000000002000 rw
*default*        0x0000000000000000 0xffffffffffffffff

Linker script and memory map

LOAD /Users/brunoflores/Downloads/gcc-arm-none-eabi-9-2020-q2-update/bin/../lib/gcc/arm-none-eabi/9.3.1/thumb/v7e-m+fp/hard/crti.o
LOAD /Users/brunoflores/Downloads/gcc-arm-none-eabi-9-2020-q2-update/bin/../lib/gcc/arm-none-eabi/9.3.1/thumb/v7e-m+fp/hard/crtbegin.o
LOAD /Users/brunoflores/Downloads/gcc-arm-none-eabi-9-2020-q2-update/bin/../lib/gcc/arm-none-eabi/9.3.1/../../../../arm-none-eabi/lib/thumb/v7e-m+fp/hard/crt0.o
LOAD build/main.o
LOAD build/stm32f3xx_it.o
LOAD build/stm32f3xx_hal_msp.o
LOAD build/stm32f3xx_lp_modes.o
LOAD build/stm32f3_discovery.o
LOAD build/stm32f3xx_hal_rtc.o
LOAD build/stm32f3xx_hal_rtc_ex.o
LOAD build/stm32f3xx_hal_tim.o
LOAD build/stm32f3xx_hal_tim_ex.o
LOAD build/stm32f3xx_hal.o
LOAD build/stm32f3xx_hal_rcc.o
LOAD build/stm32f3xx_hal_rcc_ex.o
LOAD build/stm32f3xx_hal_gpio.o
LOAD build/stm32f3xx_hal_dma.o
LOAD build/stm32f3xx_hal_cortex.o
LOAD build/stm32f3xx_hal_pwr.o
LOAD build/stm32f3xx_hal_pwr_ex.o
LOAD build/stm32f3xx_hal_flash.o
LOAD build/stm32f3xx_hal_flash_ex.o
LOAD build/stm32f3xx_hal_i2c.o
LOAD build/stm32f3xx_hal_i2c_ex.o
LOAD build/stm32f3xx_hal_exti.o
LOAD build/system_stm32f3xx.o
LOAD build/startup_stm32f303xc.o
LOAD /Users/brunoflores/Downloads/gcc-arm-none-eabi-9-2020-q2-update/bin/../lib/gcc/arm-none-eabi/9.3.1/../../../../arm-none-eabi/lib/thumb/v7e-m+fp/hard/libc_nano.a
LOAD /Users/brunoflores/Downloads/gcc-arm-none-eabi-9-2020-q2-update/bin/../lib/gcc/arm-none-eabi/9.3.1/../../../../arm-none-eabi/lib/thumb/v7e-m+fp/hard/libm.a
LOAD /Users/brunoflores/Downloads/gcc-arm-none-eabi-9-2020-q2-update/bin/../lib/gcc/arm-none-eabi/9.3.1/../../../../arm-none-eabi/lib/thumb/v7e-m+fp/hard/libnosys.a
START GROUP
LOAD /Users/brunoflores/Downloads/gcc-arm-none-eabi-9-2020-q2-update/bin/../lib/gcc/arm-none-eabi/9.3.1/thumb/v7e-m+fp/hard/libgcc.a
LOAD /Users/brunoflores/Downloads/gcc-arm-none-eabi-9-2020-q2-update/bin/../lib/gcc/arm-none-eabi/9.3.1/../../../../arm-none-eabi/lib/thumb/v7e-m+fp/hard/libc_nano.a
END GROUP
START GROUP
LOAD /Users/brunoflores/Downloads/gcc-arm-none-eabi-9-2020-q2-update/bin/../lib/gcc/arm-none-eabi/9.3.1/thumb/v7e-m+fp/hard/libgcc.a
LOAD /Users/brunoflores/Downloads/gcc-arm-none-eabi-9-2020-q2-update/bin/../lib/gcc/arm-none-eabi/9.3.1/../../../../arm-none-eabi/lib/thumb/v7e-m+fp/hard/libc_nano.a
END GROUP
LOAD /Users/brunoflores/Downloads/gcc-arm-none-eabi-9-2020-q2-update/bin/../lib/gcc/arm-none-eabi/9.3.1/thumb/v7e-m+fp/hard/crtend.o
LOAD /Users/brunoflores/Downloads/gcc-arm-none-eabi-9-2020-q2-update/bin/../lib/gcc/arm-none-eabi/9.3.1/thumb/v7e-m+fp/hard/crtn.o
                0x000000002000a000                _estack = 0x2000a000
                0x0000000000000200                _Min_Heap_Size = 0x200
                0x0000000000000400                _Min_Stack_Size = 0x400

.isr_vector     0x0000000008000000      0x188
                0x0000000008000000                . = ALIGN (0x4)
 *(.isr_vector)
 .isr_vector    0x0000000008000000      0x188 build/startup_stm32f303xc.o
                0x0000000008000000                g_pfnVectors
                0x0000000008000188                . = ALIGN (0x4)

.text           0x0000000008000188     0x1978
                0x0000000008000188                . = ALIGN (0x4)
 *(.text)
 .text          0x0000000008000188       0x40 /Users/brunoflores/Downloads/gcc-arm-none-eabi-9-2020-q2-update/bin/../lib/gcc/arm-none-eabi/9.3.1/thumb/v7e-m+fp/hard/crtbegin.o
 *(.text*)
 .text.Error_Handler
                0x00000000080001c8       0x10 build/main.o
                0x00000000080001c8                Error_Handler
 .text.SystemClock_Config
                0x00000000080001d8       0x50 build/main.o
 .text.main     0x0000000008000228       0xec build/main.o
                0x0000000008000228                main
 .text.HAL_SYSTICK_Callback
                0x0000000008000314        0x8 build/main.o
                0x0000000008000314                HAL_SYSTICK_Callback
 .text.HAL_RTCEx_WakeUpTimerEventCallback
                0x000000000800031c       0x28 build/main.o
                0x000000000800031c                HAL_RTCEx_WakeUpTimerEventCallback
 .text.HAL_GPIO_EXTI_Callback
                0x0000000008000344       0x24 build/main.o
                0x0000000008000344                HAL_GPIO_EXTI_Callback
 .text.NMI_Handler
                0x0000000008000368        0x2 build/stm32f3xx_it.o
                0x0000000008000368                NMI_Handler
 .text.HardFault_Handler
                0x000000000800036a        0x2 build/stm32f3xx_it.o
                0x000000000800036a                HardFault_Handler
 .text.MemManage_Handler
                0x000000000800036c        0x2 build/stm32f3xx_it.o
                0x000000000800036c                MemManage_Handler
 .text.BusFault_Handler
                0x000000000800036e        0x2 build/stm32f3xx_it.o
                0x000000000800036e                BusFault_Handler
 .text.UsageFault_Handler
                0x0000000008000370        0x2 build/stm32f3xx_it.o
                0x0000000008000370                UsageFault_Handler
 .text.SVC_Handler
                0x0000000008000372        0x2 build/stm32f3xx_it.o
                0x0000000008000372                SVC_Handler
 .text.DebugMon_Handler
                0x0000000008000374        0x2 build/stm32f3xx_it.o
                0x0000000008000374                DebugMon_Handler
 .text.PendSV_Handler
                0x0000000008000376        0x2 build/stm32f3xx_it.o
                0x0000000008000376                PendSV_Handler
 .text.SysTick_Handler
                0x0000000008000378        0x8 build/stm32f3xx_it.o
                0x0000000008000378                SysTick_Handler
 .text.RTC_WKUP_IRQHandler
                0x0000000008000380       0x10 build/stm32f3xx_it.o
                0x0000000008000380                RTC_WKUP_IRQHandler
 .text.EXTI0_IRQHandler
                0x0000000008000390        0xa build/stm32f3xx_it.o
                0x0000000008000390                EXTI0_IRQHandler
 *fill*         0x000000000800039a        0x2 
 .text.HAL_RTC_MspInit
                0x000000000800039c       0x6c build/stm32f3xx_hal_msp.o
                0x000000000800039c                HAL_RTC_MspInit
 .text.SYSCLKConfig_STOP
                0x0000000008000408       0x50 build/stm32f3xx_lp_modes.o
 .text.StopRTCMode_Measure
                0x0000000008000458      0x15c build/stm32f3xx_lp_modes.o
                0x0000000008000458                StopRTCMode_Measure
 .text.BSP_LED_Init
                0x00000000080005b4      0x10c build/stm32f3_discovery.o
                0x00000000080005b4                BSP_LED_Init
 .text.BSP_LED_On
                0x00000000080006c0       0x20 build/stm32f3_discovery.o
                0x00000000080006c0                BSP_LED_On
 .text.BSP_LED_Off
                0x00000000080006e0       0x20 build/stm32f3_discovery.o
                0x00000000080006e0                BSP_LED_Off
 .text.BSP_LED_Toggle
                0x0000000008000700       0x1c build/stm32f3_discovery.o
                0x0000000008000700                BSP_LED_Toggle
 .text.BSP_PB_Init
                0x000000000800071c       0x94 build/stm32f3_discovery.o
                0x000000000800071c                BSP_PB_Init
 .text.BSP_PB_GetState
                0x00000000080007b0       0x14 build/stm32f3_discovery.o
                0x00000000080007b0                BSP_PB_GetState
 .text.HAL_RTC_WaitForSynchro
                0x00000000080007c4       0x32 build/stm32f3xx_hal_rtc.o
                0x00000000080007c4                HAL_RTC_WaitForSynchro
 .text.RTC_EnterInitMode
                0x00000000080007f6       0x3c build/stm32f3xx_hal_rtc.o
                0x00000000080007f6                RTC_EnterInitMode
 .text.HAL_RTC_Init
                0x0000000008000832       0xc4 build/stm32f3xx_hal_rtc.o
                0x0000000008000832                HAL_RTC_Init
 *fill*         0x00000000080008f6        0x2 
 .text.HAL_RTCEx_SetWakeUpTimer_IT
                0x00000000080008f8       0xec build/stm32f3xx_hal_rtc_ex.o
                0x00000000080008f8                HAL_RTCEx_SetWakeUpTimer_IT
 .text.HAL_RTCEx_DeactivateWakeUpTimer
                0x00000000080009e4       0x70 build/stm32f3xx_hal_rtc_ex.o
                0x00000000080009e4                HAL_RTCEx_DeactivateWakeUpTimer
 .text.HAL_RTCEx_WakeUpTimerIRQHandler
                0x0000000008000a54       0x34 build/stm32f3xx_hal_rtc_ex.o
                0x0000000008000a54                HAL_RTCEx_WakeUpTimerIRQHandler
 .text.HAL_MspInit
                0x0000000008000a88        0x2 build/stm32f3xx_hal.o
                0x0000000008000a88                HAL_MspInit
 *fill*         0x0000000008000a8a        0x2 
 .text.HAL_InitTick
                0x0000000008000a8c       0x4c build/stm32f3xx_hal.o
                0x0000000008000a8c                HAL_InitTick
 .text.HAL_Init
                0x0000000008000ad8       0x24 build/stm32f3xx_hal.o
                0x0000000008000ad8                HAL_Init
 .text.HAL_IncTick
                0x0000000008000afc       0x18 build/stm32f3xx_hal.o
                0x0000000008000afc                HAL_IncTick
 .text.HAL_GetTick
                0x0000000008000b14        0xc build/stm32f3xx_hal.o
                0x0000000008000b14                HAL_GetTick
 .text.HAL_Delay
                0x0000000008000b20       0x28 build/stm32f3xx_hal.o
                0x0000000008000b20                HAL_Delay
 .text.HAL_RCC_OscConfig
                0x0000000008000b48      0x634 build/stm32f3xx_hal_rcc.o
                0x0000000008000b48                HAL_RCC_OscConfig
 .text.HAL_RCC_GetSysClockFreq
                0x000000000800117c       0x70 build/stm32f3xx_hal_rcc.o
                0x000000000800117c                HAL_RCC_GetSysClockFreq
 .text.HAL_RCC_ClockConfig
                0x00000000080011ec      0x1a8 build/stm32f3xx_hal_rcc.o
                0x00000000080011ec                HAL_RCC_ClockConfig
 .text.HAL_RCC_GetOscConfig
                0x0000000008001394       0xc0 build/stm32f3xx_hal_rcc.o
                0x0000000008001394                HAL_RCC_GetOscConfig
 .text.HAL_RCC_GetClockConfig
                0x0000000008001454       0x3c build/stm32f3xx_hal_rcc.o
                0x0000000008001454                HAL_RCC_GetClockConfig
 .text.HAL_RCCEx_PeriphCLKConfig
                0x0000000008001490      0x260 build/stm32f3xx_hal_rcc_ex.o
                0x0000000008001490                HAL_RCCEx_PeriphCLKConfig
 .text.HAL_GPIO_Init
                0x00000000080016f0      0x198 build/stm32f3xx_hal_gpio.o
                0x00000000080016f0                HAL_GPIO_Init
 .text.HAL_GPIO_ReadPin
                0x0000000008001888        0xe build/stm32f3xx_hal_gpio.o
                0x0000000008001888                HAL_GPIO_ReadPin
 .text.HAL_GPIO_WritePin
                0x0000000008001896        0xa build/stm32f3xx_hal_gpio.o
                0x0000000008001896                HAL_GPIO_WritePin
 .text.HAL_GPIO_TogglePin
                0x00000000080018a0       0x12 build/stm32f3xx_hal_gpio.o
                0x00000000080018a0                HAL_GPIO_TogglePin
 *fill*         0x00000000080018b2        0x2 
 .text.HAL_GPIO_EXTI_IRQHandler
                0x00000000080018b4       0x1c build/stm32f3xx_hal_gpio.o
                0x00000000080018b4                HAL_GPIO_EXTI_IRQHandler
 .text.HAL_NVIC_SetPriorityGrouping
                0x00000000080018d0       0x24 build/stm32f3xx_hal_cortex.o
                0x00000000080018d0                HAL_NVIC_SetPriorityGrouping
 .text.HAL_NVIC_SetPriority
                0x00000000080018f4       0x68 build/stm32f3xx_hal_cortex.o
                0x00000000080018f4                HAL_NVIC_SetPriority
 .text.HAL_NVIC_EnableIRQ
                0x000000000800195c       0x1c build/stm32f3xx_hal_cortex.o
                0x000000000800195c                HAL_NVIC_EnableIRQ
 .text.HAL_SYSTICK_Config
                0x0000000008001978       0x2c build/stm32f3xx_hal_cortex.o
                0x0000000008001978                HAL_SYSTICK_Config
 .text.HAL_SYSTICK_IRQHandler
                0x00000000080019a4        0x8 build/stm32f3xx_hal_cortex.o
                0x00000000080019a4                HAL_SYSTICK_IRQHandler
 .text.HAL_PWR_EnterSTOPMode
                0x00000000080019ac       0x38 build/stm32f3xx_hal_pwr.o
                0x00000000080019ac                HAL_PWR_EnterSTOPMode
 .text.SystemInit
                0x00000000080019e4       0x68 build/system_stm32f3xx.o
                0x00000000080019e4                SystemInit
 .text.Reset_Handler
                0x0000000008001a4c       0x50 build/startup_stm32f303xc.o
                0x0000000008001a4c                Reset_Handler
 .text.Default_Handler
                0x0000000008001a9c        0x2 build/startup_stm32f303xc.o
                0x0000000008001a9c                TIM1_BRK_TIM15_IRQHandler
                0x0000000008001a9c                TIM8_TRG_COM_IRQHandler
                0x0000000008001a9c                TIM8_CC_IRQHandler
                0x0000000008001a9c                TIM1_CC_IRQHandler
                0x0000000008001a9c                USB_HP_IRQHandler
                0x0000000008001a9c                PVD_IRQHandler
                0x0000000008001a9c                TAMP_STAMP_IRQHandler
                0x0000000008001a9c                EXTI3_IRQHandler
                0x0000000008001a9c                USB_HP_CAN_TX_IRQHandler
                0x0000000008001a9c                I2C2_EV_IRQHandler
                0x0000000008001a9c                FPU_IRQHandler
                0x0000000008001a9c                TIM1_UP_TIM16_IRQHandler
                0x0000000008001a9c                ADC1_2_IRQHandler
                0x0000000008001a9c                SPI1_IRQHandler
                0x0000000008001a9c                CAN_SCE_IRQHandler
                0x0000000008001a9c                TIM6_DAC_IRQHandler
                0x0000000008001a9c                TIM8_UP_IRQHandler
                0x0000000008001a9c                DMA2_Channel2_IRQHandler
                0x0000000008001a9c                DMA1_Channel4_IRQHandler
                0x0000000008001a9c                USART3_IRQHandler
                0x0000000008001a9c                DMA1_Channel7_IRQHandler
                0x0000000008001a9c                UART5_IRQHandler
                0x0000000008001a9c                ADC3_IRQHandler
                0x0000000008001a9c                TIM4_IRQHandler
                0x0000000008001a9c                CAN_RX1_IRQHandler
                0x0000000008001a9c                DMA2_Channel1_IRQHandler
                0x0000000008001a9c                I2C1_EV_IRQHandler
                0x0000000008001a9c                DMA1_Channel6_IRQHandler
                0x0000000008001a9c                UART4_IRQHandler
                0x0000000008001a9c                DMA2_Channel4_IRQHandler
                0x0000000008001a9c                TIM3_IRQHandler
                0x0000000008001a9c                RCC_IRQHandler
                0x0000000008001a9c                DMA1_Channel1_IRQHandler
                0x0000000008001a9c                Default_Handler
                0x0000000008001a9c                USBWakeUp_RMP_IRQHandler
                0x0000000008001a9c                EXTI15_10_IRQHandler
                0x0000000008001a9c                TIM7_IRQHandler
                0x0000000008001a9c                EXTI9_5_IRQHandler
                0x0000000008001a9c                SPI2_IRQHandler
                0x0000000008001a9c                USB_LP_CAN_RX0_IRQHandler
                0x0000000008001a9c                DMA2_Channel5_IRQHandler
                0x0000000008001a9c                DMA1_Channel5_IRQHandler
                0x0000000008001a9c                USB_LP_IRQHandler
                0x0000000008001a9c                EXTI4_IRQHandler
                0x0000000008001a9c                TIM1_TRG_COM_TIM17_IRQHandler
                0x0000000008001a9c                DMA1_Channel3_IRQHandler
                0x0000000008001a9c                ADC4_IRQHandler
                0x0000000008001a9c                WWDG_IRQHandler
                0x0000000008001a9c                TIM2_IRQHandler
                0x0000000008001a9c                COMP7_IRQHandler
                0x0000000008001a9c                COMP1_2_3_IRQHandler
                0x0000000008001a9c                EXTI1_IRQHandler
                0x0000000008001a9c                USART2_IRQHandler
                0x0000000008001a9c                COMP4_5_6_IRQHandler
                0x0000000008001a9c                I2C2_ER_IRQHandler
                0x0000000008001a9c                DMA1_Channel2_IRQHandler
                0x0000000008001a9c                TIM8_BRK_IRQHandler
                0x0000000008001a9c                FLASH_IRQHandler
                0x0000000008001a9c                USART1_IRQHandler
                0x0000000008001a9c                SPI3_IRQHandler
                0x0000000008001a9c                I2C1_ER_IRQHandler
                0x0000000008001a9c                USBWakeUp_IRQHandler
                0x0000000008001a9c                DMA2_Channel3_IRQHandler
                0x0000000008001a9c                EXTI2_TSC_IRQHandler
                0x0000000008001a9c                RTC_Alarm_IRQHandler
 *fill*         0x0000000008001a9e        0x2 
 .text.__libc_init_array
                0x0000000008001aa0       0x48 /Users/brunoflores/Downloads/gcc-arm-none-eabi-9-2020-q2-update/bin/../lib/gcc/arm-none-eabi/9.3.1/../../../../arm-none-eabi/lib/thumb/v7e-m+fp/hard/libc_nano.a(lib_a-init.o)
                0x0000000008001aa0                __libc_init_array
 *(.glue_7)
 .glue_7        0x0000000008001ae8        0x0 linker stubs
 *(.glue_7t)
 .glue_7t       0x0000000008001ae8        0x0 linker stubs
 *(.eh_frame)
 .eh_frame      0x0000000008001ae8        0x0 /Users/brunoflores/Downloads/gcc-arm-none-eabi-9-2020-q2-update/bin/../lib/gcc/arm-none-eabi/9.3.1/thumb/v7e-m+fp/hard/crtbegin.o
 *(.init)
 .init          0x0000000008001ae8        0x4 /Users/brunoflores/Downloads/gcc-arm-none-eabi-9-2020-q2-update/bin/../lib/gcc/arm-none-eabi/9.3.1/thumb/v7e-m+fp/hard/crti.o
                0x0000000008001ae8                _init
 .init          0x0000000008001aec        0x8 /Users/brunoflores/Downloads/gcc-arm-none-eabi-9-2020-q2-update/bin/../lib/gcc/arm-none-eabi/9.3.1/thumb/v7e-m+fp/hard/crtn.o
 *(.fini)
 .fini          0x0000000008001af4        0x4 /Users/brunoflores/Downloads/gcc-arm-none-eabi-9-2020-q2-update/bin/../lib/gcc/arm-none-eabi/9.3.1/thumb/v7e-m+fp/hard/crti.o
                0x0000000008001af4                _fini
 .fini          0x0000000008001af8        0x8 /Users/brunoflores/Downloads/gcc-arm-none-eabi-9-2020-q2-update/bin/../lib/gcc/arm-none-eabi/9.3.1/thumb/v7e-m+fp/hard/crtn.o
                0x0000000008001b00                . = ALIGN (0x4)
                0x0000000008001b00                _etext = .

.vfp11_veneer   0x0000000008001b00        0x0
 .vfp11_veneer  0x0000000008001b00        0x0 linker stubs

.v4_bx          0x0000000008001b00        0x0
 .v4_bx         0x0000000008001b00        0x0 linker stubs

.iplt           0x0000000008001b00        0x0
 .iplt          0x0000000008001b00        0x0 /Users/brunoflores/Downloads/gcc-arm-none-eabi-9-2020-q2-update/bin/../lib/gcc/arm-none-eabi/9.3.1/thumb/v7e-m+fp/hard/crtbegin.o

.rodata         0x0000000008001b00       0x40
                0x0000000008001b00                . = ALIGN (0x4)
 *(.rodata)
 *(.rodata*)
 .rodata.LED_PIN
                0x0000000008001b00       0x10 build/stm32f3_discovery.o
                0x0000000008001b00                LED_PIN
 .rodata.aPLLMULFactorTable
                0x0000000008001b10       0x10 build/stm32f3xx_hal_rcc.o
                0x0000000008001b10                aPLLMULFactorTable
 .rodata.aPredivFactorTable
                0x0000000008001b20       0x10 build/stm32f3xx_hal_rcc.o
                0x0000000008001b20                aPredivFactorTable
 .rodata.AHBPrescTable
                0x0000000008001b30       0x10 build/system_stm32f3xx.o
                0x0000000008001b30                AHBPrescTable
                0x0000000008001b40                . = ALIGN (0x4)

.rel.dyn        0x0000000008001b40        0x0
 .rel.iplt      0x0000000008001b40        0x0 /Users/brunoflores/Downloads/gcc-arm-none-eabi-9-2020-q2-update/bin/../lib/gcc/arm-none-eabi/9.3.1/thumb/v7e-m+fp/hard/crtbegin.o

.ARM.extab
 *(.ARM.extab* .gnu.linkonce.armextab.*)

.ARM            0x0000000008001b40        0x0
                0x0000000008001b40                __exidx_start = .
 *(.ARM.exidx*)
                0x0000000008001b40                __exidx_end = .

.preinit_array  0x0000000008001b40        0x0
                0x0000000008001b40                PROVIDE (__preinit_array_start = .)
 *(.preinit_array*)
                0x0000000008001b40                PROVIDE (__preinit_array_end = .)

.init_array     0x0000000008001b40        0x4
                0x0000000008001b40                PROVIDE (__init_array_start = .)
 *(SORT_BY_NAME(.init_array.*))
 *(.init_array*)
 .init_array    0x0000000008001b40        0x4 /Users/brunoflores/Downloads/gcc-arm-none-eabi-9-2020-q2-update/bin/../lib/gcc/arm-none-eabi/9.3.1/thumb/v7e-m+fp/hard/crtbegin.o
                0x0000000008001b44                PROVIDE (__init_array_end = .)

.fini_array     0x0000000008001b44        0x4
                [!provide]                        PROVIDE (__fini_array_start = .)
 *(SORT_BY_NAME(.fini_array.*))
 *(.fini_array*)
 .fini_array    0x0000000008001b44        0x4 /Users/brunoflores/Downloads/gcc-arm-none-eabi-9-2020-q2-update/bin/../lib/gcc/arm-none-eabi/9.3.1/thumb/v7e-m+fp/hard/crtbegin.o
                [!provide]                        PROVIDE (__fini_array_end = .)
                0x0000000008001b48                _sidata = LOADADDR (.data)

.data           0x0000000020000000       0x30 load address 0x0000000008001b48
                0x0000000020000000                . = ALIGN (0x4)
                0x0000000020000000                _sdata = .
 *(.data)
 *(.data*)
 .data.BUTTON_PORT
                0x0000000020000000        0x4 build/stm32f3_discovery.o
                0x0000000020000000                BUTTON_PORT
 .data.LED_PORT
                0x0000000020000004       0x20 build/stm32f3_discovery.o
                0x0000000020000004                LED_PORT
 .data.uwTickFreq
                0x0000000020000024        0x1 build/stm32f3xx_hal.o
                0x0000000020000024                uwTickFreq
 *fill*         0x0000000020000025        0x3 
 .data.uwTickPrio
                0x0000000020000028        0x4 build/stm32f3xx_hal.o
                0x0000000020000028                uwTickPrio
 .data.SystemCoreClock
                0x000000002000002c        0x4 build/system_stm32f3xx.o
                0x000000002000002c                SystemCoreClock
                0x0000000020000030                . = ALIGN (0x4)
                0x0000000020000030                _edata = .
                0x0000000008001b78                _siccmram = LOADADDR (.ccmram)

.igot.plt       0x0000000020000030        0x0 load address 0x0000000008001b78
 .igot.plt      0x0000000020000030        0x0 /Users/brunoflores/Downloads/gcc-arm-none-eabi-9-2020-q2-update/bin/../lib/gcc/arm-none-eabi/9.3.1/thumb/v7e-m+fp/hard/crtbegin.o

.ccmram         0x0000000010000000        0x0 load address 0x0000000008001b78
                0x0000000010000000                . = ALIGN (0x4)
                0x0000000010000000                _sccmram = .
 *(.ccmram)
 *(.ccmram*)
                0x0000000010000000                . = ALIGN (0x4)
                0x0000000010000000                _eccmram = .
                0x0000000010000000                . = ALIGN (0x4)

.bss            0x0000000020000030       0x4c
                0x0000000020000030                _sbss = .
                0x0000000020000030                __bss_start__ = _sbss
 *(.bss)
 .bss           0x0000000020000030       0x1c /Users/brunoflores/Downloads/gcc-arm-none-eabi-9-2020-q2-update/bin/../lib/gcc/arm-none-eabi/9.3.1/thumb/v7e-m+fp/hard/crtbegin.o
 *(.bss*)
 .bss.UserButtonStatus
                0x000000002000004c        0x4 build/main.o
                0x000000002000004c                UserButtonStatus
 .bss.uwStandByOutFlag
                0x0000000020000050        0x4 build/main.o
                0x0000000020000050                uwStandByOutFlag
 .bss.uwWakeUpIntFlag
                0x0000000020000054        0x4 build/main.o
                0x0000000020000054                uwWakeUpIntFlag
 *(COMMON)
 COMMON         0x0000000020000058       0x20 build/stm32f3xx_lp_modes.o
                0x0000000020000058                RTCHandle
 COMMON         0x0000000020000078        0x4 build/stm32f3xx_hal.o
                0x0000000020000078                uwTick
                0x000000002000007c                . = ALIGN (0x4)
                0x000000002000007c                _ebss = .
                0x000000002000007c                __bss_end__ = _ebss

._user_heap_stack
                0x000000002000007c      0x604
                0x0000000020000080                . = ALIGN (0x8)
 *fill*         0x000000002000007c        0x4 
                [!provide]                        PROVIDE (end = .)
                [!provide]                        PROVIDE (_end = .)
                0x0000000020000280                . = (. + _Min_Heap_Size)
 *fill*         0x0000000020000080      0x200 
                0x0000000020000680                . = (. + _Min_Stack_Size)
 *fill*         0x0000000020000280      0x400 
                0x0000000020000680                . = ALIGN (0x8)

/DISCARD/
 libc.a(*)
 libm.a(*)
 libgcc.a(*)

.ARM.attributes
                0x0000000000000000       0x30
 *(.ARM.attributes)
 .ARM.attributes
                0x0000000000000000       0x1e /Users/brunoflores/Downloads/gcc-arm-none-eabi-9-2020-q2-update/bin/../lib/gcc/arm-none-eabi/9.3.1/thumb/v7e-m+fp/hard/crti.o
 .ARM.attributes
                0x000000000000001e       0x34 /Users/brunoflores/Downloads/gcc-arm-none-eabi-9-2020-q2-update/bin/../lib/gcc/arm-none-eabi/9.3.1/thumb/v7e-m+fp/hard/crtbegin.o
 .ARM.attributes
                0x0000000000000052       0x34 build/main.o
 .ARM.attributes
                0x0000000000000086       0x34 build/stm32f3xx_it.o
 .ARM.attributes
                0x00000000000000ba       0x34 build/stm32f3xx_hal_msp.o
 .ARM.attributes
                0x00000000000000ee       0x34 build/stm32f3xx_lp_modes.o
 .ARM.attributes
                0x0000000000000122       0x34 build/stm32f3_discovery.o
 .ARM.attributes
                0x0000000000000156       0x34 build/stm32f3xx_hal_rtc.o
 .ARM.attributes
                0x000000000000018a       0x34 build/stm32f3xx_hal_rtc_ex.o
 .ARM.attributes
                0x00000000000001be       0x34 build/stm32f3xx_hal.o
 .ARM.attributes
                0x00000000000001f2       0x34 build/stm32f3xx_hal_rcc.o
 .ARM.attributes
                0x0000000000000226       0x34 build/stm32f3xx_hal_rcc_ex.o
 .ARM.attributes
                0x000000000000025a       0x34 build/stm32f3xx_hal_gpio.o
 .ARM.attributes
                0x000000000000028e       0x34 build/stm32f3xx_hal_cortex.o
 .ARM.attributes
                0x00000000000002c2       0x34 build/stm32f3xx_hal_pwr.o
 .ARM.attributes
                0x00000000000002f6       0x34 build/system_stm32f3xx.o
 .ARM.attributes
                0x000000000000032a       0x21 build/startup_stm32f303xc.o
 .ARM.attributes
                0x000000000000034b       0x34 /Users/brunoflores/Downloads/gcc-arm-none-eabi-9-2020-q2-update/bin/../lib/gcc/arm-none-eabi/9.3.1/../../../../arm-none-eabi/lib/thumb/v7e-m+fp/hard/libc_nano.a(lib_a-init.o)
 .ARM.attributes
                0x000000000000037f       0x1e /Users/brunoflores/Downloads/gcc-arm-none-eabi-9-2020-q2-update/bin/../lib/gcc/arm-none-eabi/9.3.1/thumb/v7e-m+fp/hard/crtn.o
OUTPUT(build/stm32_power_bench.elf elf32-littlearm)
LOAD linker stubs
LOAD /Users/brunoflores/Downloads/gcc-arm-none-eabi-9-2020-q2-update/bin/../lib/gcc/arm-none-eabi/9.3.1/../../../../arm-none-eabi/lib/thumb/v7e-m+fp/hard/libc.a
LOAD /Users/brunoflores/Downloads/gcc-arm-none-eabi-9-2020-q2-update/bin/../lib/gcc/arm-none-eabi/9.3.1/../../../../arm-none-eabi/lib/thumb/v7e-m+fp/hard/libm.a
LOAD /Users/brunoflores/Downloads/gcc-arm-none-eabi-9-2020-q2-update/bin/../lib/gcc/arm-none-eabi/9.3.1/thumb/v7e-m+fp/hard/libgcc.a

.debug_info     0x0000000000000000     0xaf18
 .debug_info    0x0000000000000000      0xc6d build/main.o
 .debug_info    0x0000000000000c6d      0x68f build/stm32f3xx_it.o
 .debug_info    0x00000000000012fc      0xad5 build/stm32f3xx_hal_msp.o
 .debug_info    0x0000000000001dd1     0x112b build/stm32f3xx_lp_modes.o
 .debug_info    0x0000000000002efc      0xaea build/stm32f3_discovery.o
 .debug_info    0x00000000000039e6     0x1184 build/stm32f3xx_hal_rtc.o
 .debug_info    0x0000000000004b6a     0x1496 build/stm32f3xx_hal_rtc_ex.o
 .debug_info    0x0000000000006000      0x9c1 build/stm32f3xx_hal.o
 .debug_info    0x00000000000069c1     0x175a build/stm32f3xx_hal_rcc.o
 .debug_info    0x000000000000811b      0x8ce build/stm32f3xx_hal_rcc_ex.o
 .debug_info    0x00000000000089e9      0x841 build/stm32f3xx_hal_gpio.o
 .debug_info    0x000000000000922a     0x119c build/stm32f3xx_hal_cortex.o
 .debug_info    0x000000000000a3c6      0x627 build/stm32f3xx_hal_pwr.o
 .debug_info    0x000000000000a9ed      0x509 build/system_stm32f3xx.o
 .debug_info    0x000000000000aef6       0x22 build/startup_stm32f303xc.o

.debug_abbrev   0x0000000000000000     0x1fdd
 .debug_abbrev  0x0000000000000000      0x22d build/main.o
 .debug_abbrev  0x000000000000022d      0x172 build/stm32f3xx_it.o
 .debug_abbrev  0x000000000000039f      0x242 build/stm32f3xx_hal_msp.o
 .debug_abbrev  0x00000000000005e1      0x263 build/stm32f3xx_lp_modes.o
 .debug_abbrev  0x0000000000000844      0x251 build/stm32f3_discovery.o
 .debug_abbrev  0x0000000000000a95      0x213 build/stm32f3xx_hal_rtc.o
 .debug_abbrev  0x0000000000000ca8      0x277 build/stm32f3xx_hal_rtc_ex.o
 .debug_abbrev  0x0000000000000f1f      0x21c build/stm32f3xx_hal.o
 .debug_abbrev  0x000000000000113b      0x337 build/stm32f3xx_hal_rcc.o
 .debug_abbrev  0x0000000000001472      0x299 build/stm32f3xx_hal_rcc_ex.o
 .debug_abbrev  0x000000000000170b      0x24f build/stm32f3xx_hal_gpio.o
 .debug_abbrev  0x000000000000195a      0x3a8 build/stm32f3xx_hal_cortex.o
 .debug_abbrev  0x0000000000001d02      0x17f build/stm32f3xx_hal_pwr.o
 .debug_abbrev  0x0000000000001e81      0x14a build/system_stm32f3xx.o
 .debug_abbrev  0x0000000000001fcb       0x12 build/startup_stm32f303xc.o

.debug_loc      0x0000000000000000     0x51ad
 .debug_loc     0x0000000000000000      0x13c build/main.o
 .debug_loc     0x000000000000013c       0x60 build/stm32f3xx_it.o
 .debug_loc     0x000000000000019c       0xc5 build/stm32f3xx_hal_msp.o
 .debug_loc     0x0000000000000261      0x177 build/stm32f3xx_lp_modes.o
 .debug_loc     0x00000000000003d8      0x254 build/stm32f3_discovery.o
 .debug_loc     0x000000000000062c      0xf41 build/stm32f3xx_hal_rtc.o
 .debug_loc     0x000000000000156d     0x12e8 build/stm32f3xx_hal_rtc_ex.o
 .debug_loc     0x0000000000002855      0x1e1 build/stm32f3xx_hal.o
 .debug_loc     0x0000000000002a36      0xf3f build/stm32f3xx_hal_rcc.o
 .debug_loc     0x0000000000003975      0xb17 build/stm32f3xx_hal_rcc_ex.o
 .debug_loc     0x000000000000448c      0x3f6 build/stm32f3xx_hal_gpio.o
 .debug_loc     0x0000000000004882      0x7d4 build/stm32f3xx_hal_cortex.o
 .debug_loc     0x0000000000005056       0x34 build/stm32f3xx_hal_pwr.o
 .debug_loc     0x000000000000508a      0x123 build/system_stm32f3xx.o

.debug_aranges  0x0000000000000000      0x6c0
 .debug_aranges
                0x0000000000000000       0x48 build/main.o
 .debug_aranges
                0x0000000000000048       0x70 build/stm32f3xx_it.o
 .debug_aranges
                0x00000000000000b8       0x28 build/stm32f3xx_hal_msp.o
 .debug_aranges
                0x00000000000000e0       0x40 build/stm32f3xx_lp_modes.o
 .debug_aranges
                0x0000000000000120       0x50 build/stm32f3_discovery.o
 .debug_aranges
                0x0000000000000170       0xb8 build/stm32f3xx_hal_rtc.o
 .debug_aranges
                0x0000000000000228      0x130 build/stm32f3xx_hal_rtc_ex.o
 .debug_aranges
                0x0000000000000358       0xe0 build/stm32f3xx_hal.o
 .debug_aranges
                0x0000000000000438       0x88 build/stm32f3xx_hal_rcc.o
 .debug_aranges
                0x00000000000004c0       0x38 build/stm32f3xx_hal_rcc_ex.o
 .debug_aranges
                0x00000000000004f8       0x58 build/stm32f3xx_hal_gpio.o
 .debug_aranges
                0x0000000000000550       0xa8 build/stm32f3xx_hal_cortex.o
 .debug_aranges
                0x00000000000005f8       0x78 build/stm32f3xx_hal_pwr.o
 .debug_aranges
                0x0000000000000670       0x28 build/system_stm32f3xx.o
 .debug_aranges
                0x0000000000000698       0x28 build/startup_stm32f303xc.o

.debug_ranges   0x0000000000000000      0x670
 .debug_ranges  0x0000000000000000       0x38 build/main.o
 .debug_ranges  0x0000000000000038       0x60 build/stm32f3xx_it.o
 .debug_ranges  0x0000000000000098       0x18 build/stm32f3xx_hal_msp.o
 .debug_ranges  0x00000000000000b0       0x30 build/stm32f3xx_lp_modes.o
 .debug_ranges  0x00000000000000e0       0x40 build/stm32f3_discovery.o
 .debug_ranges  0x0000000000000120       0xa8 build/stm32f3xx_hal_rtc.o
 .debug_ranges  0x00000000000001c8      0x120 build/stm32f3xx_hal_rtc_ex.o
 .debug_ranges  0x00000000000002e8       0xd0 build/stm32f3xx_hal.o
 .debug_ranges  0x00000000000003b8       0x98 build/stm32f3xx_hal_rcc.o
 .debug_ranges  0x0000000000000450       0x40 build/stm32f3xx_hal_rcc_ex.o
 .debug_ranges  0x0000000000000490       0x48 build/stm32f3xx_hal_gpio.o
 .debug_ranges  0x00000000000004d8       0xf8 build/stm32f3xx_hal_cortex.o
 .debug_ranges  0x00000000000005d0       0x68 build/stm32f3xx_hal_pwr.o
 .debug_ranges  0x0000000000000638       0x18 build/system_stm32f3xx.o
 .debug_ranges  0x0000000000000650       0x20 build/startup_stm32f303xc.o

.debug_line     0x0000000000000000     0x7775
 .debug_line    0x0000000000000000      0x4d9 build/main.o
 .debug_line    0x00000000000004d9      0x3a0 build/stm32f3xx_it.o
 .debug_line    0x0000000000000879      0x367 build/stm32f3xx_hal_msp.o
 .debug_line    0x0000000000000be0      0x568 build/stm32f3xx_lp_modes.o
 .debug_line    0x0000000000001148      0x56c build/stm32f3_discovery.o
 .debug_line    0x00000000000016b4     0x10c4 build/stm32f3xx_hal_rtc.o
 .debug_line    0x0000000000002778     0x1645 build/stm32f3xx_hal_rtc_ex.o
 .debug_line    0x0000000000003dbd      0x592 build/stm32f3xx_hal.o
 .debug_line    0x000000000000434f     0x1235 build/stm32f3xx_hal_rcc.o
 .debug_line    0x0000000000005584      0xb85 build/stm32f3xx_hal_rcc_ex.o
 .debug_line    0x0000000000006109      0x72e build/stm32f3xx_hal_gpio.o
 .debug_line    0x0000000000006837      0x7e1 build/stm32f3xx_hal_cortex.o
 .debug_line    0x0000000000007018      0x3cd build/stm32f3xx_hal_pwr.o
 .debug_line    0x00000000000073e5      0x314 build/system_stm32f3xx.o
 .debug_line    0x00000000000076f9       0x7c build/startup_stm32f303xc.o

.debug_str      0x0000000000000000     0x2617
 .debug_str     0x0000000000000000      0x7b4 build/main.o
                                        0x829 (size before relaxing)
 .debug_str     0x00000000000007b4      0x122 build/stm32f3xx_it.o
                                        0x57a (size before relaxing)
 .debug_str     0x00000000000008d6      0x61e build/stm32f3xx_hal_msp.o
                                        0xb5b (size before relaxing)
 .debug_str     0x0000000000000ef4      0x20c build/stm32f3xx_lp_modes.o
                                        0x948 (size before relaxing)
 .debug_str     0x0000000000001100      0x10d build/stm32f3_discovery.o
                                        0x9b7 (size before relaxing)
 .debug_str     0x000000000000120d      0x33c build/stm32f3xx_hal_rtc.o
                                        0x80f (size before relaxing)
 .debug_str     0x0000000000001549      0x4e8 build/stm32f3xx_hal_rtc_ex.o
                                        0xb56 (size before relaxing)
 .debug_str     0x0000000000001a31      0x26b build/stm32f3xx_hal.o
                                        0x9f9 (size before relaxing)
 .debug_str     0x0000000000001c9c      0x1b2 build/stm32f3xx_hal_rcc.o
                                        0x713 (size before relaxing)
 .debug_str     0x0000000000001e4e       0xeb build/stm32f3xx_hal_rcc_ex.o
                                        0x5f6 (size before relaxing)
 .debug_str     0x0000000000001f39       0xc1 build/stm32f3xx_hal_gpio.o
                                        0x50f (size before relaxing)
 .debug_str     0x0000000000001ffa      0x49d build/stm32f3xx_hal_cortex.o
                                        0xc20 (size before relaxing)
 .debug_str     0x0000000000002497      0x106 build/stm32f3xx_hal_pwr.o
                                        0x4ab (size before relaxing)
 .debug_str     0x000000000000259d       0x4d build/system_stm32f3xx.o
                                        0x359 (size before relaxing)
 .debug_str     0x00000000000025ea       0x2d build/startup_stm32f303xc.o
                                         0x58 (size before relaxing)

.comment        0x0000000000000000       0x4c
 .comment       0x0000000000000000       0x4c build/main.o
                                         0x4d (size before relaxing)
 .comment       0x000000000000004c       0x4d build/stm32f3xx_it.o
 .comment       0x000000000000004c       0x4d build/stm32f3xx_hal_msp.o
 .comment       0x000000000000004c       0x4d build/stm32f3xx_lp_modes.o
 .comment       0x000000000000004c       0x4d build/stm32f3_discovery.o
 .comment       0x000000000000004c       0x4d build/stm32f3xx_hal_rtc.o
 .comment       0x000000000000004c       0x4d build/stm32f3xx_hal_rtc_ex.o
 .comment       0x000000000000004c       0x4d build/stm32f3xx_hal.o
 .comment       0x000000000000004c       0x4d build/stm32f3xx_hal_rcc.o
 .comment       0x000000000000004c       0x4d build/stm32f3xx_hal_rcc_ex.o
 .comment       0x000000000000004c       0x4d build/stm32f3xx_hal_gpio.o
 .comment       0x000000000000004c       0x4d build/stm32f3xx_hal_cortex.o
 .comment       0x000000000000004c       0x4d build/stm32f3xx_hal_pwr.o
 .comment       0x000000000000004c       0x4d build/system_stm32f3xx.o

.debug_frame    0x0000000000000000      0xfa8
 .debug_frame   0x0000000000000000       0xa8 build/main.o
 .debug_frame   0x00000000000000a8       0xd8 build/stm32f3xx_it.o
 .debug_frame   0x0000000000000180       0x40 build/stm32f3xx_hal_msp.o
 .debug_frame   0x00000000000001c0       0xa8 build/stm32f3xx_lp_modes.o
 .debug_frame   0x0000000000000268       0xc8 build/stm32f3_discovery.o
 .debug_frame   0x0000000000000330      0x204 build/stm32f3xx_hal_rtc.o
 .debug_frame   0x0000000000000534      0x364 build/stm32f3xx_hal_rtc_ex.o
 .debug_frame   0x0000000000000898      0x1cc build/stm32f3xx_hal.o
 .debug_frame   0x0000000000000a64      0x16c build/stm32f3xx_hal_rcc.o
 .debug_frame   0x0000000000000bd0       0x80 build/stm32f3xx_hal_rcc_ex.o
 .debug_frame   0x0000000000000c50       0xd0 build/stm32f3xx_hal_gpio.o
 .debug_frame   0x0000000000000d20      0x15c build/stm32f3xx_hal_cortex.o
 .debug_frame   0x0000000000000e7c       0xd0 build/stm32f3xx_hal_pwr.o
 .debug_frame   0x0000000000000f4c       0x30 build/system_stm32f3xx.o
 .debug_frame   0x0000000000000f7c       0x2c /Users/brunoflores/Downloads/gcc-arm-none-eabi-9-2020-q2-update/bin/../lib/gcc/arm-none-eabi/9.3.1/../../../../arm-none-eabi/lib/thumb/v7e-m+fp/hard/libc_nano.a(lib_a-init.o)

Cross Reference Table

Symbol                                            File
ADC1_2_IRQHandler                                 build/startup_stm32f303xc.o
ADC3_IRQHandler                                   build/startup_stm32f303xc.o
ADC4_IRQHandler                                   build/startup_stm32f303xc.o
AHBPrescTable                                     build/system_stm32f3xx.o
                                                  build/stm32f3xx_hal_rcc.o
APBPrescTable                                     build/system_stm32f3xx.o
                                                  build/stm32f3xx_hal_rcc.o
BSP_GetVersion                                    build/stm32f3_discovery.o
BSP_LED_Init                                      build/stm32f3_discovery.o
                                                  build/stm32f3xx_lp_modes.o
                                                  build/main.o
BSP_LED_Off                                       build/stm32f3_discovery.o
                                                  build/main.o
BSP_LED_On                                        build/stm32f3_discovery.o
                                                  build/main.o
BSP_LED_Toggle                                    build/stm32f3_discovery.o
                                                  build/main.o
BSP_PB_GetState                                   build/stm32f3_discovery.o
                                                  build/main.o
BSP_PB_Init                                       build/stm32f3_discovery.o
                                                  build/stm32f3xx_lp_modes.o
                                                  build/main.o
BUTTON_IRQn                                       build/stm32f3_discovery.o
BUTTON_PIN                                        build/stm32f3_discovery.o
BUTTON_PORT                                       build/stm32f3_discovery.o
BusFault_Handler                                  build/stm32f3xx_it.o
CAN_RX1_IRQHandler                                build/startup_stm32f303xc.o
CAN_SCE_IRQHandler                                build/startup_stm32f303xc.o
COMP1_2_3_IRQHandler                              build/startup_stm32f303xc.o
COMP4_5_6_IRQHandler                              build/startup_stm32f303xc.o
COMP7_IRQHandler                                  build/startup_stm32f303xc.o
DMA1_Channel1_IRQHandler                          build/startup_stm32f303xc.o
DMA1_Channel2_IRQHandler                          build/startup_stm32f303xc.o
DMA1_Channel3_IRQHandler                          build/startup_stm32f303xc.o
DMA1_Channel4_IRQHandler                          build/startup_stm32f303xc.o
DMA1_Channel5_IRQHandler                          build/startup_stm32f303xc.o
DMA1_Channel6_IRQHandler                          build/startup_stm32f303xc.o
DMA1_Channel7_IRQHandler                          build/startup_stm32f303xc.o
DMA2_Channel1_IRQHandler                          build/startup_stm32f303xc.o
DMA2_Channel2_IRQHandler                          build/startup_stm32f303xc.o
DMA2_Channel3_IRQHandler                          build/startup_stm32f303xc.o
DMA2_Channel4_IRQHandler                          build/startup_stm32f303xc.o
DMA2_Channel5_IRQHandler                          build/startup_stm32f303xc.o
DebugMon_Handler                                  build/stm32f3xx_it.o
Default_Handler                                   build/startup_stm32f303xc.o
EXTI0_IRQHandler                                  build/stm32f3xx_it.o
EXTI15_10_IRQHandler                              build/startup_stm32f303xc.o
EXTI1_IRQHandler                                  build/startup_stm32f303xc.o
EXTI2_TSC_IRQHandler                              build/startup_stm32f303xc.o
EXTI3_IRQHandler                                  build/startup_stm32f303xc.o
EXTI4_IRQHandler                                  build/startup_stm32f303xc.o
EXTI9_5_IRQHandler                                build/startup_stm32f303xc.o
Error_Handler                                     build/main.o
                                                  build/stm32f3xx_lp_modes.o
                                                  build/stm32f3xx_hal_msp.o
FLASH_IRQHandler                                  build/startup_stm32f303xc.o
FLASH_PageErase                                   build/stm32f3xx_hal_flash_ex.o
                                                  build/stm32f3xx_hal_flash.o
FLASH_WaitForLastOperation                        build/stm32f3xx_hal_flash.o
                                                  build/stm32f3xx_hal_flash_ex.o
FPU_IRQHandler                                    build/startup_stm32f303xc.o
HAL_DBGMCU_DisableDBGSleepMode                    build/stm32f3xx_hal.o
HAL_DBGMCU_DisableDBGStandbyMode                  build/stm32f3xx_hal.o
HAL_DBGMCU_DisableDBGStopMode                     build/stm32f3xx_hal.o
HAL_DBGMCU_EnableDBGSleepMode                     build/stm32f3xx_hal.o
HAL_DBGMCU_EnableDBGStandbyMode                   build/stm32f3xx_hal.o
HAL_DBGMCU_EnableDBGStopMode                      build/stm32f3xx_hal.o
HAL_DeInit                                        build/stm32f3xx_hal.o
HAL_Delay                                         build/stm32f3xx_hal.o
                                                  build/stm32f3xx_lp_modes.o
                                                  build/main.o
HAL_EXTI_ClearConfigLine                          build/stm32f3xx_hal_exti.o
HAL_EXTI_ClearPending                             build/stm32f3xx_hal_exti.o
HAL_EXTI_GenerateSWI                              build/stm32f3xx_hal_exti.o
HAL_EXTI_GetConfigLine                            build/stm32f3xx_hal_exti.o
HAL_EXTI_GetHandle                                build/stm32f3xx_hal_exti.o
HAL_EXTI_GetPending                               build/stm32f3xx_hal_exti.o
HAL_EXTI_IRQHandler                               build/stm32f3xx_hal_exti.o
HAL_EXTI_RegisterCallback                         build/stm32f3xx_hal_exti.o
HAL_EXTI_SetConfigLine                            build/stm32f3xx_hal_exti.o
HAL_FLASHEx_Erase                                 build/stm32f3xx_hal_flash_ex.o
HAL_FLASHEx_Erase_IT                              build/stm32f3xx_hal_flash_ex.o
HAL_FLASHEx_OBErase                               build/stm32f3xx_hal_flash_ex.o
HAL_FLASHEx_OBGetConfig                           build/stm32f3xx_hal_flash_ex.o
HAL_FLASHEx_OBGetUserData                         build/stm32f3xx_hal_flash_ex.o
HAL_FLASHEx_OBProgram                             build/stm32f3xx_hal_flash_ex.o
HAL_FLASH_EndOfOperationCallback                  build/stm32f3xx_hal_flash.o
HAL_FLASH_GetError                                build/stm32f3xx_hal_flash.o
HAL_FLASH_IRQHandler                              build/stm32f3xx_hal_flash.o
HAL_FLASH_Lock                                    build/stm32f3xx_hal_flash.o
HAL_FLASH_OB_Launch                               build/stm32f3xx_hal_flash.o
HAL_FLASH_OB_Lock                                 build/stm32f3xx_hal_flash.o
HAL_FLASH_OB_Unlock                               build/stm32f3xx_hal_flash.o
HAL_FLASH_OperationErrorCallback                  build/stm32f3xx_hal_flash.o
HAL_FLASH_Program                                 build/stm32f3xx_hal_flash.o
HAL_FLASH_Program_IT                              build/stm32f3xx_hal_flash.o
HAL_FLASH_Unlock                                  build/stm32f3xx_hal_flash.o
HAL_GPIO_DeInit                                   build/stm32f3xx_hal_gpio.o
HAL_GPIO_EXTI_Callback                            build/main.o
HAL_GPIO_EXTI_IRQHandler                          build/stm32f3xx_hal_gpio.o
                                                  build/stm32f3xx_it.o
HAL_GPIO_Init                                     build/stm32f3xx_hal_gpio.o
                                                  build/stm32f3xx_hal_rcc.o
                                                  build/stm32f3_discovery.o
                                                  build/stm32f3xx_lp_modes.o
HAL_GPIO_LockPin                                  build/stm32f3xx_hal_gpio.o
HAL_GPIO_ReadPin                                  build/stm32f3xx_hal_gpio.o
                                                  build/stm32f3_discovery.o
HAL_GPIO_TogglePin                                build/stm32f3xx_hal_gpio.o
                                                  build/stm32f3_discovery.o
HAL_GPIO_WritePin                                 build/stm32f3xx_hal_gpio.o
                                                  build/stm32f3_discovery.o
HAL_GetDEVID                                      build/stm32f3xx_hal.o
HAL_GetHalVersion                                 build/stm32f3xx_hal.o
HAL_GetREVID                                      build/stm32f3xx_hal.o
HAL_GetTick                                       build/stm32f3xx_hal.o
                                                  build/stm32f3xx_hal_flash.o
                                                  build/stm32f3xx_hal_rcc_ex.o
                                                  build/stm32f3xx_hal_rcc.o
                                                  build/stm32f3xx_hal_rtc_ex.o
                                                  build/stm32f3xx_hal_rtc.o
HAL_GetTickFreq                                   build/stm32f3xx_hal.o
HAL_GetTickPrio                                   build/stm32f3xx_hal.o
HAL_GetUIDw0                                      build/stm32f3xx_hal.o
HAL_GetUIDw1                                      build/stm32f3xx_hal.o
HAL_GetUIDw2                                      build/stm32f3xx_hal.o
HAL_IncTick                                       build/stm32f3xx_hal.o
                                                  build/main.o
HAL_Init                                          build/stm32f3xx_hal.o
                                                  build/main.o
HAL_InitTick                                      build/stm32f3xx_hal.o
                                                  build/stm32f3xx_hal_rcc.o
HAL_MPU_ConfigRegion                              build/stm32f3xx_hal_cortex.o
HAL_MPU_Disable                                   build/stm32f3xx_hal_cortex.o
HAL_MPU_Enable                                    build/stm32f3xx_hal_cortex.o
HAL_MspDeInit                                     build/stm32f3xx_hal.o
HAL_MspInit                                       build/stm32f3xx_hal.o
HAL_NVIC_ClearPendingIRQ                          build/stm32f3xx_hal_cortex.o
HAL_NVIC_DisableIRQ                               build/stm32f3xx_hal_cortex.o
HAL_NVIC_EnableIRQ                                build/stm32f3xx_hal_cortex.o
                                                  build/stm32f3_discovery.o
                                                  build/stm32f3xx_hal_msp.o
HAL_NVIC_GetActive                                build/stm32f3xx_hal_cortex.o
HAL_NVIC_GetPendingIRQ                            build/stm32f3xx_hal_cortex.o
HAL_NVIC_GetPriority                              build/stm32f3xx_hal_cortex.o
HAL_NVIC_GetPriorityGrouping                      build/stm32f3xx_hal_cortex.o
HAL_NVIC_SetPendingIRQ                            build/stm32f3xx_hal_cortex.o
HAL_NVIC_SetPriority                              build/stm32f3xx_hal_cortex.o
                                                  build/stm32f3xx_hal.o
                                                  build/stm32f3_discovery.o
                                                  build/stm32f3xx_hal_msp.o
HAL_NVIC_SetPriorityGrouping                      build/stm32f3xx_hal_cortex.o
                                                  build/stm32f3xx_hal.o
HAL_NVIC_SystemReset                              build/stm32f3xx_hal_cortex.o
HAL_PWR_ConfigPVD                                 build/stm32f3xx_hal_pwr_ex.o
HAL_PWR_DeInit                                    build/stm32f3xx_hal_pwr.o
HAL_PWR_DisableBkUpAccess                         build/stm32f3xx_hal_pwr.o
HAL_PWR_DisablePVD                                build/stm32f3xx_hal_pwr_ex.o
HAL_PWR_DisableSEVOnPend                          build/stm32f3xx_hal_pwr.o
HAL_PWR_DisableSleepOnExit                        build/stm32f3xx_hal_pwr.o
HAL_PWR_DisableWakeUpPin                          build/stm32f3xx_hal_pwr.o
                                                  build/stm32f3xx_lp_modes.o
HAL_PWR_EnableBkUpAccess                          build/stm32f3xx_hal_pwr.o
                                                  build/stm32f3xx_lp_modes.o
HAL_PWR_EnablePVD                                 build/stm32f3xx_hal_pwr_ex.o
HAL_PWR_EnableSEVOnPend                           build/stm32f3xx_hal_pwr.o
HAL_PWR_EnableSleepOnExit                         build/stm32f3xx_hal_pwr.o
HAL_PWR_EnableWakeUpPin                           build/stm32f3xx_hal_pwr.o
                                                  build/stm32f3xx_lp_modes.o
HAL_PWR_EnterSLEEPMode                            build/stm32f3xx_hal_pwr.o
                                                  build/stm32f3xx_lp_modes.o
HAL_PWR_EnterSTANDBYMode                          build/stm32f3xx_hal_pwr.o
                                                  build/stm32f3xx_lp_modes.o
HAL_PWR_EnterSTOPMode                             build/stm32f3xx_hal_pwr.o
                                                  build/stm32f3xx_lp_modes.o
HAL_PWR_PVDCallback                               build/stm32f3xx_hal_pwr_ex.o
HAL_PWR_PVD_IRQHandler                            build/stm32f3xx_hal_pwr_ex.o
HAL_RCCEx_GetPeriphCLKConfig                      build/stm32f3xx_hal_rcc_ex.o
HAL_RCCEx_GetPeriphCLKFreq                        build/stm32f3xx_hal_rcc_ex.o
HAL_RCCEx_PeriphCLKConfig                         build/stm32f3xx_hal_rcc_ex.o
                                                  build/stm32f3xx_hal_msp.o
HAL_RCC_CSSCallback                               build/stm32f3xx_hal_rcc.o
HAL_RCC_ClockConfig                               build/stm32f3xx_hal_rcc.o
                                                  build/stm32f3xx_lp_modes.o
                                                  build/main.o
HAL_RCC_DeInit                                    build/stm32f3xx_hal_rcc.o
HAL_RCC_DisableCSS                                build/stm32f3xx_hal_rcc.o
HAL_RCC_EnableCSS                                 build/stm32f3xx_hal_rcc.o
HAL_RCC_GetClockConfig                            build/stm32f3xx_hal_rcc.o
                                                  build/stm32f3xx_lp_modes.o
HAL_RCC_GetHCLKFreq                               build/stm32f3xx_hal_rcc.o
HAL_RCC_GetOscConfig                              build/stm32f3xx_hal_rcc.o
                                                  build/stm32f3xx_lp_modes.o
HAL_RCC_GetPCLK1Freq                              build/stm32f3xx_hal_rcc.o
                                                  build/stm32f3xx_hal_rcc_ex.o
HAL_RCC_GetPCLK2Freq                              build/stm32f3xx_hal_rcc.o
                                                  build/stm32f3xx_hal_rcc_ex.o
HAL_RCC_GetSysClockFreq                           build/stm32f3xx_hal_rcc.o
                                                  build/stm32f3xx_hal_rcc_ex.o
HAL_RCC_MCOConfig                                 build/stm32f3xx_hal_rcc.o
HAL_RCC_NMI_IRQHandler                            build/stm32f3xx_hal_rcc.o
HAL_RCC_OscConfig                                 build/stm32f3xx_hal_rcc.o
                                                  build/stm32f3xx_lp_modes.o
                                                  build/stm32f3xx_hal_msp.o
                                                  build/main.o
HAL_RTCEx_AlarmBEventCallback                     build/stm32f3xx_hal_rtc_ex.o
                                                  build/stm32f3xx_hal_rtc.o
HAL_RTCEx_BKUPRead                                build/stm32f3xx_hal_rtc_ex.o
HAL_RTCEx_BKUPWrite                               build/stm32f3xx_hal_rtc_ex.o
HAL_RTCEx_DeactivateCalibrationOutPut             build/stm32f3xx_hal_rtc_ex.o
HAL_RTCEx_DeactivateRefClock                      build/stm32f3xx_hal_rtc_ex.o
HAL_RTCEx_DeactivateTamper                        build/stm32f3xx_hal_rtc_ex.o
HAL_RTCEx_DeactivateTimeStamp                     build/stm32f3xx_hal_rtc_ex.o
HAL_RTCEx_DeactivateWakeUpTimer                   build/stm32f3xx_hal_rtc_ex.o
                                                  build/stm32f3xx_lp_modes.o
HAL_RTCEx_DisableBypassShadow                     build/stm32f3xx_hal_rtc_ex.o
HAL_RTCEx_EnableBypassShadow                      build/stm32f3xx_hal_rtc_ex.o
HAL_RTCEx_GetTimeStamp                            build/stm32f3xx_hal_rtc_ex.o
HAL_RTCEx_GetWakeUpTimer                          build/stm32f3xx_hal_rtc_ex.o
HAL_RTCEx_PollForAlarmBEvent                      build/stm32f3xx_hal_rtc_ex.o
HAL_RTCEx_PollForTamper1Event                     build/stm32f3xx_hal_rtc_ex.o
HAL_RTCEx_PollForTamper2Event                     build/stm32f3xx_hal_rtc_ex.o
HAL_RTCEx_PollForTamper3Event                     build/stm32f3xx_hal_rtc_ex.o
HAL_RTCEx_PollForTimeStampEvent                   build/stm32f3xx_hal_rtc_ex.o
HAL_RTCEx_PollForWakeUpTimerEvent                 build/stm32f3xx_hal_rtc_ex.o
HAL_RTCEx_SetCalibrationOutPut                    build/stm32f3xx_hal_rtc_ex.o
HAL_RTCEx_SetRefClock                             build/stm32f3xx_hal_rtc_ex.o
HAL_RTCEx_SetSmoothCalib                          build/stm32f3xx_hal_rtc_ex.o
HAL_RTCEx_SetSynchroShift                         build/stm32f3xx_hal_rtc_ex.o
HAL_RTCEx_SetTamper                               build/stm32f3xx_hal_rtc_ex.o
HAL_RTCEx_SetTamper_IT                            build/stm32f3xx_hal_rtc_ex.o
HAL_RTCEx_SetTimeStamp                            build/stm32f3xx_hal_rtc_ex.o
HAL_RTCEx_SetTimeStamp_IT                         build/stm32f3xx_hal_rtc_ex.o
HAL_RTCEx_SetWakeUpTimer                          build/stm32f3xx_hal_rtc_ex.o
HAL_RTCEx_SetWakeUpTimer_IT                       build/stm32f3xx_hal_rtc_ex.o
                                                  build/stm32f3xx_lp_modes.o
HAL_RTCEx_Tamper1EventCallback                    build/stm32f3xx_hal_rtc_ex.o
HAL_RTCEx_Tamper2EventCallback                    build/stm32f3xx_hal_rtc_ex.o
HAL_RTCEx_Tamper3EventCallback                    build/stm32f3xx_hal_rtc_ex.o
HAL_RTCEx_TamperTimeStampIRQHandler               build/stm32f3xx_hal_rtc_ex.o
HAL_RTCEx_TimeStampEventCallback                  build/stm32f3xx_hal_rtc_ex.o
HAL_RTCEx_WakeUpTimerEventCallback                build/main.o
HAL_RTCEx_WakeUpTimerIRQHandler                   build/stm32f3xx_hal_rtc_ex.o
                                                  build/stm32f3xx_it.o
HAL_RTC_AlarmAEventCallback                       build/stm32f3xx_hal_rtc.o
HAL_RTC_AlarmIRQHandler                           build/stm32f3xx_hal_rtc.o
HAL_RTC_DeInit                                    build/stm32f3xx_hal_rtc.o
HAL_RTC_DeactivateAlarm                           build/stm32f3xx_hal_rtc.o
HAL_RTC_GetAlarm                                  build/stm32f3xx_hal_rtc.o
HAL_RTC_GetDate                                   build/stm32f3xx_hal_rtc.o
HAL_RTC_GetState                                  build/stm32f3xx_hal_rtc.o
HAL_RTC_GetTime                                   build/stm32f3xx_hal_rtc.o
HAL_RTC_Init                                      build/stm32f3xx_hal_rtc.o
                                                  build/stm32f3xx_lp_modes.o
HAL_RTC_MspDeInit                                 build/stm32f3xx_hal_msp.o
HAL_RTC_MspInit                                   build/stm32f3xx_hal_msp.o
HAL_RTC_PollForAlarmAEvent                        build/stm32f3xx_hal_rtc.o
HAL_RTC_SetAlarm                                  build/stm32f3xx_hal_rtc.o
HAL_RTC_SetAlarm_IT                               build/stm32f3xx_hal_rtc.o
HAL_RTC_SetDate                                   build/stm32f3xx_hal_rtc.o
HAL_RTC_SetTime                                   build/stm32f3xx_hal_rtc.o
HAL_RTC_WaitForSynchro                            build/stm32f3xx_hal_rtc.o
                                                  build/stm32f3xx_hal_rtc_ex.o
HAL_ResumeTick                                    build/stm32f3xx_hal.o
                                                  build/stm32f3xx_lp_modes.o
HAL_SYSTICK_CLKSourceConfig                       build/stm32f3xx_hal_cortex.o
HAL_SYSTICK_Callback                              build/main.o
HAL_SYSTICK_Config                                build/stm32f3xx_hal_cortex.o
                                                  build/stm32f3xx_hal.o
HAL_SYSTICK_IRQHandler                            build/stm32f3xx_hal_cortex.o
                                                  build/stm32f3xx_it.o
HAL_SetTickFreq                                   build/stm32f3xx_hal.o
HAL_SuspendTick                                   build/stm32f3xx_hal.o
                                                  build/stm32f3xx_lp_modes.o
HardFault_Handler                                 build/stm32f3xx_it.o
I2C1_ER_IRQHandler                                build/startup_stm32f303xc.o
I2C1_EV_IRQHandler                                build/startup_stm32f303xc.o
I2C2_ER_IRQHandler                                build/startup_stm32f303xc.o
I2C2_EV_IRQHandler                                build/startup_stm32f303xc.o
LED_PIN                                           build/stm32f3_discovery.o
LED_PORT                                          build/stm32f3_discovery.o
MemManage_Handler                                 build/stm32f3xx_it.o
NMI_Handler                                       build/stm32f3xx_it.o
PVD_IRQHandler                                    build/startup_stm32f303xc.o
PendSV_Handler                                    build/stm32f3xx_it.o
RCC_IRQHandler                                    build/startup_stm32f303xc.o
RTCHandle                                         build/stm32f3xx_lp_modes.o
                                                  build/stm32f3xx_it.o
RTC_Alarm_IRQHandler                              build/startup_stm32f303xc.o
RTC_Bcd2ToByte                                    build/stm32f3xx_hal_rtc.o
                                                  build/stm32f3xx_hal_rtc_ex.o
RTC_ByteToBcd2                                    build/stm32f3xx_hal_rtc.o
RTC_EnterInitMode                                 build/stm32f3xx_hal_rtc.o
                                                  build/stm32f3xx_hal_rtc_ex.o
RTC_WKUP_IRQHandler                               build/stm32f3xx_it.o
Reset_Handler                                     build/startup_stm32f303xc.o
SPI1_IRQHandler                                   build/startup_stm32f303xc.o
SPI2_IRQHandler                                   build/startup_stm32f303xc.o
SPI3_IRQHandler                                   build/startup_stm32f303xc.o
SVC_Handler                                       build/stm32f3xx_it.o
SleepMode_Measure                                 build/stm32f3xx_lp_modes.o
StandbyMode_Measure                               build/stm32f3xx_lp_modes.o
StandbyRTCMode_Measure                            build/stm32f3xx_lp_modes.o
StopRTCMode_Measure                               build/stm32f3xx_lp_modes.o
                                                  build/main.o
SysTick_Handler                                   build/stm32f3xx_it.o
SystemCoreClock                                   build/system_stm32f3xx.o
                                                  build/stm32f3xx_hal_rcc_ex.o
                                                  build/stm32f3xx_hal_rcc.o
                                                  build/stm32f3xx_hal.o
SystemCoreClockUpdate                             build/system_stm32f3xx.o
SystemInit                                        build/system_stm32f3xx.o
                                                  build/startup_stm32f303xc.o
TAMP_STAMP_IRQHandler                             build/startup_stm32f303xc.o
TIM1_BRK_TIM15_IRQHandler                         build/startup_stm32f303xc.o
TIM1_CC_IRQHandler                                build/startup_stm32f303xc.o
TIM1_TRG_COM_TIM17_IRQHandler                     build/startup_stm32f303xc.o
TIM1_UP_TIM16_IRQHandler                          build/startup_stm32f303xc.o
TIM2_IRQHandler                                   build/startup_stm32f303xc.o
TIM3_IRQHandler                                   build/startup_stm32f303xc.o
TIM4_IRQHandler                                   build/startup_stm32f303xc.o
TIM6_DAC_IRQHandler                               build/startup_stm32f303xc.o
TIM7_IRQHandler                                   build/startup_stm32f303xc.o
TIM8_BRK_IRQHandler                               build/startup_stm32f303xc.o
TIM8_CC_IRQHandler                                build/startup_stm32f303xc.o
TIM8_TRG_COM_IRQHandler                           build/startup_stm32f303xc.o
TIM8_UP_IRQHandler                                build/startup_stm32f303xc.o
UART4_IRQHandler                                  build/startup_stm32f303xc.o
UART5_IRQHandler                                  build/startup_stm32f303xc.o
USART1_IRQHandler                                 build/startup_stm32f303xc.o
USART2_IRQHandler                                 build/startup_stm32f303xc.o
USART3_IRQHandler                                 build/startup_stm32f303xc.o
USBWakeUp_IRQHandler                              build/startup_stm32f303xc.o
USBWakeUp_RMP_IRQHandler                          build/startup_stm32f303xc.o
USB_HP_CAN_TX_IRQHandler                          build/startup_stm32f303xc.o
USB_HP_IRQHandler                                 build/startup_stm32f303xc.o
USB_LP_CAN_RX0_IRQHandler                         build/startup_stm32f303xc.o
USB_LP_IRQHandler                                 build/startup_stm32f303xc.o
UsageFault_Handler                                build/stm32f3xx_it.o
UserButtonStatus                                  build/main.o
WWDG_IRQHandler                                   build/startup_stm32f303xc.o
__bss_end__                                       /Users/brunoflores/Downloads/gcc-arm-none-eabi-9-2020-q2-update/bin/../lib/gcc/arm-none-eabi/9.3.1/../../../../arm-none-eabi/lib/thumb/v7e-m+fp/hard/crt0.o
__bss_start__                                     /Users/brunoflores/Downloads/gcc-arm-none-eabi-9-2020-q2-update/bin/../lib/gcc/arm-none-eabi/9.3.1/../../../../arm-none-eabi/lib/thumb/v7e-m+fp/hard/crt0.o
__call_exitprocs                                  /Users/brunoflores/Downloads/gcc-arm-none-eabi-9-2020-q2-update/bin/../lib/gcc/arm-none-eabi/9.3.1/../../../../arm-none-eabi/lib/thumb/v7e-m+fp/hard/libc_nano.a(lib_a-exit.o)
__deregister_frame_info                           /Users/brunoflores/Downloads/gcc-arm-none-eabi-9-2020-q2-update/bin/../lib/gcc/arm-none-eabi/9.3.1/thumb/v7e-m+fp/hard/crtbegin.o
__dso_handle                                      /Users/brunoflores/Downloads/gcc-arm-none-eabi-9-2020-q2-update/bin/../lib/gcc/arm-none-eabi/9.3.1/thumb/v7e-m+fp/hard/crtbegin.o
__init_array_end                                  /Users/brunoflores/Downloads/gcc-arm-none-eabi-9-2020-q2-update/bin/../lib/gcc/arm-none-eabi/9.3.1/../../../../arm-none-eabi/lib/thumb/v7e-m+fp/hard/libc_nano.a(lib_a-init.o)
__init_array_start                                /Users/brunoflores/Downloads/gcc-arm-none-eabi-9-2020-q2-update/bin/../lib/gcc/arm-none-eabi/9.3.1/../../../../arm-none-eabi/lib/thumb/v7e-m+fp/hard/libc_nano.a(lib_a-init.o)
__libc_fini_array                                 /Users/brunoflores/Downloads/gcc-arm-none-eabi-9-2020-q2-update/bin/../lib/gcc/arm-none-eabi/9.3.1/../../../../arm-none-eabi/lib/thumb/v7e-m+fp/hard/crt0.o
__libc_init_array                                 /Users/brunoflores/Downloads/gcc-arm-none-eabi-9-2020-q2-update/bin/../lib/gcc/arm-none-eabi/9.3.1/../../../../arm-none-eabi/lib/thumb/v7e-m+fp/hard/libc_nano.a(lib_a-init.o)
                                                  build/startup_stm32f303xc.o
                                                  /Users/brunoflores/Downloads/gcc-arm-none-eabi-9-2020-q2-update/bin/../lib/gcc/arm-none-eabi/9.3.1/../../../../arm-none-eabi/lib/thumb/v7e-m+fp/hard/crt0.o
__preinit_array_end                               /Users/brunoflores/Downloads/gcc-arm-none-eabi-9-2020-q2-update/bin/../lib/gcc/arm-none-eabi/9.3.1/../../../../arm-none-eabi/lib/thumb/v7e-m+fp/hard/libc_nano.a(lib_a-init.o)
__preinit_array_start                             /Users/brunoflores/Downloads/gcc-arm-none-eabi-9-2020-q2-update/bin/../lib/gcc/arm-none-eabi/9.3.1/../../../../arm-none-eabi/lib/thumb/v7e-m+fp/hard/libc_nano.a(lib_a-init.o)
__register_frame_info                             /Users/brunoflores/Downloads/gcc-arm-none-eabi-9-2020-q2-update/bin/../lib/gcc/arm-none-eabi/9.3.1/thumb/v7e-m+fp/hard/crtbegin.o
__sf_fake_stderr                                  /Users/brunoflores/Downloads/gcc-arm-none-eabi-9-2020-q2-update/bin/../lib/gcc/arm-none-eabi/9.3.1/../../../../arm-none-eabi/lib/thumb/v7e-m+fp/hard/libc_nano.a(lib_a-impure.o)
__sf_fake_stdin                                   /Users/brunoflores/Downloads/gcc-arm-none-eabi-9-2020-q2-update/bin/../lib/gcc/arm-none-eabi/9.3.1/../../../../arm-none-eabi/lib/thumb/v7e-m+fp/hard/libc_nano.a(lib_a-impure.o)
__sf_fake_stdout                                  /Users/brunoflores/Downloads/gcc-arm-none-eabi-9-2020-q2-update/bin/../lib/gcc/arm-none-eabi/9.3.1/../../../../arm-none-eabi/lib/thumb/v7e-m+fp/hard/libc_nano.a(lib_a-impure.o)
__stack                                           /Users/brunoflores/Downloads/gcc-arm-none-eabi-9-2020-q2-update/bin/../lib/gcc/arm-none-eabi/9.3.1/../../../../arm-none-eabi/lib/thumb/v7e-m+fp/hard/crt0.o
_ebss                                             build/startup_stm32f303xc.o
_edata                                            build/startup_stm32f303xc.o
_estack                                           build/startup_stm32f303xc.o
_exit                                             /Users/brunoflores/Downloads/gcc-arm-none-eabi-9-2020-q2-update/bin/../lib/gcc/arm-none-eabi/9.3.1/../../../../arm-none-eabi/lib/thumb/v7e-m+fp/hard/libnosys.a(_exit.o)
                                                  /Users/brunoflores/Downloads/gcc-arm-none-eabi-9-2020-q2-update/bin/../lib/gcc/arm-none-eabi/9.3.1/../../../../arm-none-eabi/lib/thumb/v7e-m+fp/hard/libc_nano.a(lib_a-exit.o)
_fini                                             /Users/brunoflores/Downloads/gcc-arm-none-eabi-9-2020-q2-update/bin/../lib/gcc/arm-none-eabi/9.3.1/thumb/v7e-m+fp/hard/crti.o
_global_impure_ptr                                /Users/brunoflores/Downloads/gcc-arm-none-eabi-9-2020-q2-update/bin/../lib/gcc/arm-none-eabi/9.3.1/../../../../arm-none-eabi/lib/thumb/v7e-m+fp/hard/libc_nano.a(lib_a-impure.o)
                                                  /Users/brunoflores/Downloads/gcc-arm-none-eabi-9-2020-q2-update/bin/../lib/gcc/arm-none-eabi/9.3.1/../../../../arm-none-eabi/lib/thumb/v7e-m+fp/hard/libc_nano.a(lib_a-exit.o)
_impure_ptr                                       /Users/brunoflores/Downloads/gcc-arm-none-eabi-9-2020-q2-update/bin/../lib/gcc/arm-none-eabi/9.3.1/../../../../arm-none-eabi/lib/thumb/v7e-m+fp/hard/libc_nano.a(lib_a-impure.o)
_init                                             /Users/brunoflores/Downloads/gcc-arm-none-eabi-9-2020-q2-update/bin/../lib/gcc/arm-none-eabi/9.3.1/thumb/v7e-m+fp/hard/crti.o
                                                  /Users/brunoflores/Downloads/gcc-arm-none-eabi-9-2020-q2-update/bin/../lib/gcc/arm-none-eabi/9.3.1/../../../../arm-none-eabi/lib/thumb/v7e-m+fp/hard/libc_nano.a(lib_a-init.o)
_mainCRTStartup                                   /Users/brunoflores/Downloads/gcc-arm-none-eabi-9-2020-q2-update/bin/../lib/gcc/arm-none-eabi/9.3.1/../../../../arm-none-eabi/lib/thumb/v7e-m+fp/hard/crt0.o
_sbss                                             build/startup_stm32f303xc.o
_sdata                                            build/startup_stm32f303xc.o
_sidata                                           build/startup_stm32f303xc.o
_stack_init                                       /Users/brunoflores/Downloads/gcc-arm-none-eabi-9-2020-q2-update/bin/../lib/gcc/arm-none-eabi/9.3.1/../../../../arm-none-eabi/lib/thumb/v7e-m+fp/hard/crt0.o
_start                                            /Users/brunoflores/Downloads/gcc-arm-none-eabi-9-2020-q2-update/bin/../lib/gcc/arm-none-eabi/9.3.1/../../../../arm-none-eabi/lib/thumb/v7e-m+fp/hard/crt0.o
aPLLMULFactorTable                                build/stm32f3xx_hal_rcc.o
aPredivFactorTable                                build/stm32f3xx_hal_rcc.o
atexit                                            /Users/brunoflores/Downloads/gcc-arm-none-eabi-9-2020-q2-update/bin/../lib/gcc/arm-none-eabi/9.3.1/../../../../arm-none-eabi/lib/thumb/v7e-m+fp/hard/crt0.o
exit                                              /Users/brunoflores/Downloads/gcc-arm-none-eabi-9-2020-q2-update/bin/../lib/gcc/arm-none-eabi/9.3.1/../../../../arm-none-eabi/lib/thumb/v7e-m+fp/hard/libc_nano.a(lib_a-exit.o)
                                                  /Users/brunoflores/Downloads/gcc-arm-none-eabi-9-2020-q2-update/bin/../lib/gcc/arm-none-eabi/9.3.1/../../../../arm-none-eabi/lib/thumb/v7e-m+fp/hard/crt0.o
g_pfnVectors                                      build/startup_stm32f303xc.o
hardware_init_hook                                /Users/brunoflores/Downloads/gcc-arm-none-eabi-9-2020-q2-update/bin/../lib/gcc/arm-none-eabi/9.3.1/../../../../arm-none-eabi/lib/thumb/v7e-m+fp/hard/crt0.o
main                                              build/main.o
                                                  build/startup_stm32f303xc.o
                                                  /Users/brunoflores/Downloads/gcc-arm-none-eabi-9-2020-q2-update/bin/../lib/gcc/arm-none-eabi/9.3.1/../../../../arm-none-eabi/lib/thumb/v7e-m+fp/hard/crt0.o
memset                                            /Users/brunoflores/Downloads/gcc-arm-none-eabi-9-2020-q2-update/bin/../lib/gcc/arm-none-eabi/9.3.1/../../../../arm-none-eabi/lib/thumb/v7e-m+fp/hard/libc_nano.a(lib_a-memset.o)
                                                  /Users/brunoflores/Downloads/gcc-arm-none-eabi-9-2020-q2-update/bin/../lib/gcc/arm-none-eabi/9.3.1/../../../../arm-none-eabi/lib/thumb/v7e-m+fp/hard/crt0.o
pFlash                                            build/stm32f3xx_hal_flash.o
                                                  build/stm32f3xx_hal_flash_ex.o
software_init_hook                                /Users/brunoflores/Downloads/gcc-arm-none-eabi-9-2020-q2-update/bin/../lib/gcc/arm-none-eabi/9.3.1/../../../../arm-none-eabi/lib/thumb/v7e-m+fp/hard/crt0.o
uwStandByOutFlag                                  build/main.o
uwTick                                            build/stm32f3xx_hal.o
uwTickFreq                                        build/stm32f3xx_hal.o
uwTickPrio                                        build/stm32f3xx_hal.o
                                                  build/stm32f3xx_hal_rcc.o
uwWakeUpIntFlag                                   build/main.o
